=== PARSE RESULTS ===
Total videos: 4
Chapter: Arc 2: Memory \& Storage ΓÇö FINAL MERGED SCRIPT (v5.1)

Video 6: Storing Data in Memory
  Duration: ~135ΓÇô145 seconds
  Concept: Variables are named storage containers
  Slides: 11
  Code blocks: 9
    - Slide 2: # Hardcoded name everywhere......
    - Slide 3: # Rename time! Shadow_Blade -> Dragon_Slayer...

Video 7: Changing Stored Values
  Duration: ~125 seconds
  Concept: Variables can be updated (overwritten)
  Slides: 8
  Code blocks: 5
    - Slide 2: score = 100...
    - Slide 4: youtube_tabs = 1...

Video 8: Naming Rules
  Duration: ~120 seconds
  Concept: Variable names follow rules (and good style saves you later)
  Slides: 22
  Code blocks: 16
    - Slide 3: player_score = 100   # OK...
    - Slide 4: 1st_place = "Me"   # NO...

Video 10: Working with Multiple Variables
  Duration: ~130 seconds
  Concept: Real programs use many variables together (including True/False)
  Slides: 8
  Code blocks: 5
    - Slide 2: hero_name = "Swift_Shadow_Assassin"...
    - Slide 4: print("Hero:", hero_name)...

=== VIDEO 6 NARRATION (first 500 chars) ===
You're building a game and need to remember the player's username, score, and level. Print them once? They're gone. You need to store data so you can use it throughout your code. That's what variables doΓÇöPython's little memory system.

This worksΓÇª until you change your mind. And you will. Because naming a character is a sacred ritual: you pick something cool, then immediately regret it.

This is the classic bug: you update most lines, miss one, and now your game has identity issues. It's not bro
